#-----------------------------------------------------------
# Vivado v2023.2 (64-bit)
# SW Build 4029153 on Fri Oct 13 20:14:34 MDT 2023
# IP Build 4028589 on Sat Oct 14 00:45:43 MDT 2023
# SharedData Build 4025554 on Tue Oct 10 17:18:54 MDT 2023
# Start of session at: Sun Mar 16 20:22:55 2025
# Process ID: 25624
# Current directory: C:/XilProjects/Custom_IPs/mpc3008_adc_v1_project
# Command line: vivado.exe -gui_launcher_event rodinguilauncherevent5736 C:\XilProjects\Custom_IPs\mpc3008_adc_v1_project\MPC3008_ADC_v1_project.xpr
# Log file: C:/XilProjects/Custom_IPs/mpc3008_adc_v1_project/vivado.log
# Journal file: C:/XilProjects/Custom_IPs/mpc3008_adc_v1_project\vivado.jou
# Running On: LAPTOP-K3OSB5TI, OS: Windows, CPU Frequency: 2592 MHz, CPU Physical cores: 6, Host memory: 17037 MB
#-----------------------------------------------------------
start_gui
open_project C:/XilProjects/Custom_IPs/mpc3008_adc_v1_project/MPC3008_ADC_v1_project.xpr
update_compile_order -fileset sources_1
launch_simulation
source MPC3008_ADC_v1_TB.tcl
restart
run all
close_sim
